// Jest Snapshot v1, https://goo.gl/fbAQLP
exports[`All Gallery Page testing Cart - Empty & Full 1`] = `null`;

exports[`All Gallery Page testing Cart - Empty & Full 2`] = `
<div>
  <div
    className="container"
  >
    <div
      style={
        Object {
          "backgroundColor": "#212529",
          "border": "solid",
          "borderColor": "black",
          "color": "white",
        }
      }
    >
      <div>
        <h1>
          <u>
            Basket:
          </u>
        </h1>
        <br />
        <p>
          <div
            class="center1"
          >
            <h4>
              Name: 
              2
               
              <br />
              Movie Title: 
              Fast and Furious 9
               
              <br />
              Adults: 
              1
              <br />
              Childs: 
              1
               
              <br />
              Snacks: 
              Large Drink & Popcorn
               
              <br />
              Total Price: Â£
              22.5
            </h4>
          </div>
          <br />
        </p>
      </div>
    </div>
  </div>
</div>
`;

exports[`All Gallery Page testing Should match the snapshot 1`] = `
<div
  className="text-center"
>
  <div
    className="background"
  >
    <div
      className="carousel slide carousel-fade"
      height="650px"
      onKeyDown={[Function]}
      onMouseOut={[Function]}
      onMouseOver={[Function]}
      onTouchEnd={[Function]}
      onTouchMove={[Function]}
      onTouchStart={[Function]}
    >
      <ol
        className="carousel-indicators"
      >
        <li
          className="active"
          onClick={[Function]}
        />
        <li
          onClick={[Function]}
        />
        <li
          onClick={[Function]}
        />
        <li
          onClick={[Function]}
        />
      </ol>
      <div
        className="carousel-inner"
      >
        <div
          className="active carousel-item"
          interval={3000}
        >
          <img
            alt="First slide"
            className="d-block w-100"
            src="theatre.jpg"
          />
        </div>
        <div
          className="carousel-item"
          interval={3000}
        >
          <img
            alt="Second slide"
            className="d-block w-100"
            src="set.png"
          />
        </div>
        <div
          className="carousel-item"
          interval={3000}
        >
          <img
            alt="Third slide"
            className="d-block w-100"
            src="cinemas.jpg"
          />
        </div>
        <div
          className="carousel-item"
          interval={3000}
        >
          <img
            alt="Third slide"
            className="d-block w-100"
            src="cinema2.jpg"
          />
        </div>
      </div>
    </div>
    <br />
    <h2
      style={
        Object {
          "color": "white",
          "fontWeight": "400",
          "fontfamily": "isonormregular, sans-serif",
          "letterSpacing": ".15em",
          "lineHeight": "1.1",
          "textTransform": "uppercase",
        }
      }
    >
      Book your tickets 
    </h2>
    <br />
    <div
      className="container"
    >
      <div
        className="text-center card"
        style={
          Object {
            "backgroundColor": "#212529",
            "border": "solid",
            "borderColor": "black",
            "color": "white",
          }
        }
      >
        <div
          className="card-header"
        >
          Ticket Select
        </div>
        <div
          className="card-body"
        >
          <div
            className="card-title h5"
          >
            <u>
              Please fill out the form to book tickets
            </u>
          </div>
          <p
            className="card-text"
          >
            <h5>
              Loading Form
            </h5>
          </p>
        </div>
        <div
          className="text-muted card-footer"
        />
      </div>
    </div>
  </div>
  <div
    className="background"
  >
    <br />
    <br />
  </div>
</div>
`;
