// Jest Snapshot v1, https://goo.gl/fbAQLP

exports[`Email Form testing Should match the snapshot 1`] = `null`;
