// Jest Snapshot v1, https://goo.gl/fbAQLP

exports[`List Movies Page testing Should match the snapshot 1`] = `
<p>
  Loading
</p>
`;
