// Jest Snapshot v1, https://goo.gl/fbAQLP

exports[`Opening Times Page testing Should match the snapshot 1`] = `
<div
  class="background"
>
  <img
    alt="About us photo"
    className=""
    src="openingtimes.png"
    width="100%"
  />
   
  <br />
  <br />
  <div
    className="container"
  >
    <h2
      style={
        Object {
          "color": "white",
          "fontWeight": "400",
          "fontfamily": "isonormregular, sans-serif",
          "letterSpacing": ".15em",
          "lineHeight": "1.1",
          "textTransform": "uppercase",
        }
      }
    >
      QA Cinemas' Opening Hours :
    </h2>
    <br />
    <div>
      <table
        className="table table-dark table-sm table-striped table-bordered table-hover"
        style={
          Object {
            "backgroundColor": "#212529",
            "border": "solid",
            "borderColor": "black",
            "color": "white",
          }
        }
      >
        <thead>
          <tr>
            <th>
              <u>
                Days
              </u>
            </th>
            <th>
              <u>
                Opening Hours
              </u>
            </th>
            <th>
              <u>
                Bank Holiday Hours
              </u>
            </th>
          </tr>
        </thead>
        <tbody>
          <tr>
            <td>
              MONDAY
            </td>
            <td>
              10AM - 11PM
            </td>
            <td>
              12PM - 10PM
            </td>
          </tr>
          <tr>
            <td>
              TUESDAY
            </td>
            <td>
              10AM - 11PM
            </td>
            <td>
              12PM - 10PM
            </td>
          </tr>
          <tr>
            <td>
              WEDNESDAY
            </td>
            <td>
              10AM - 11PM
            </td>
            <td>
              12PM - 10PM
            </td>
          </tr>
          <tr>
            <td>
              THURSDAY
            </td>
            <td>
              10AM - 11PM
            </td>
            <td>
              12PM - 10PM
            </td>
          </tr>
          <tr>
            <td>
              FRIDAY
            </td>
            <td>
              10AM - 11PM
            </td>
            <td>
              12PM - 10PM
            </td>
          </tr>
          <tr>
            <td>
              SATURDAY
            </td>
            <td>
              10AM - 11PM
            </td>
            <td>
              12PM - 10PM 
            </td>
          </tr>
          <tr>
            <td>
              SUNDAY
            </td>
            <td>
              12PM - 10PM
            </td>
            <td>
              CLOSED
            </td>
          </tr>
        </tbody>
      </table>
    </div>
    <br />
  </div>
</div>
`;
